sanitize
美: [ˈsænɪˌtaɪz]
英: [ˈsænɪtaɪz]
v.	去除…中使人不快的内容；净化；（用化学制剂）消毒
网络	使…清洁；给…消毒；对…作为省处理，给…消毒

canonical
美: [kəˈnɑnɪk(ə)l]
英: [kəˈnɒnɪk(ə)l]
adj.	被收入真经篇目的；经典的；按照基督教教会法规的
n.	(布道时应穿的)法衣
网络	标准；规范的；典型

signature
美: [ˈsɪɡnətʃər]
英: [ˈsɪɡnətʃə(r)]
n.	签名；特征；【乐】记号；【代】符号差
网络	签署；签章；签字


convention
美: [kənˈvenʃ(ə)n]
英: [kən'venʃ(ə)n]
n.	习俗；惯例；协定；常规
网络	大会；会议；公约

conversely
美: [ˈkɑnˌvɜrsli]
英: [ˈkɒnvɜː(r)sli]
adv.	相反地；反过来
网络	相反的；反之；逆地

subtlety
美: [ˈsʌt(ə)lti]
英: ['sʌt(ə)lti]
n.	微妙；巧妙；精妙；敏锐
网络	阴险；微妙之处；微妙面

synchronization
美: [ˌsɪŋkrənaɪ'zeɪʃ(ə)n]
英: [ˌsɪŋkrənaɪ'zeɪʃ(ə)n]
n.	同时；同时性；【物】同步；【影视】同期[步]录音
网络	同步化；同步控制；同步性

declaration
美: [ˌdekləˈreɪʃ(ə)n]
英: [.deklə'reɪʃ(ə)n]
n.	宣言；宣告；宣布；公告
网络	声明；申报；说明

declare
美: [dɪˈkler]
英: [dɪˈkleə(r)]
v.	宣布；宣告；宣称；表明
网络	声明；申报；断言


alias
美: [ˈeɪliəs]
英: ['eɪliəs]
n.	别名；假名
adv.	别名
网络	双面女间谍；化名；别号

definition
美: [ˌdefəˈnɪʃ(ə)n]
英: [.defə'nɪʃ(ə)n]
n.	定义；限定；(收音机的)清晰度；明确
网络	定义条款；术语；名词定义


arbitrary
美: [ˈɑrbɪˌtreri]
英: [ˈɑː(r)bɪtrəri]
adj.	任意的；武断的；随心所欲的；专横的
网络	专断的；随意的；任意角度

denote
美: [dɪˈnoʊt]
英: [dɪˈnəʊt]
v.	表示；标志；预示；象征
网络	指示；意味着；代表

restriction
美: [rɪˈstrɪkʃ(ə)n]
英: [rɪ'strɪkʃ(ə)n]
n.	限制；约束；制约因素；限制规定
网络	限定；束缚；限制工作

constraint
美: [kənˈstreɪnt]
英: [kən'streɪnt]
n.	约束；强迫；强制力；紧张感[状态]
网络	限制；约束条件；制约因素

precedence
美: [ˈpresɪdəns]
英: ['presɪdəns]
n.	优先；优先权
网络	优先级；居先；优先顺序


implicit
美: [ɪmˈplɪsɪt]
英: [ɪm'plɪsɪt]
adj.	含蓄的；不直接言明的；成为一部分的；内含的
网络	隐式；暗示的；隐性

explicit
美: [ɪkˈsplɪsɪt]
英: [ɪk'splɪsɪt]
adj.	清楚明白的；易于理解的；明确的；直言的
网络	显式；清楚的；显性


rationale
美: [ˌræʃəˈnæl]
英: [ˌræʃəˈnɑːl]
n.	基本原理；根本原因
网络	理论基础；理由；基本理由


notional
美: [ˈnoʊʃən(ə)l]
英: [ˈnəʊʃ(ə)n(ə)l]
adj.	猜测的；估计的；理论上的；想象的
网络	实词；诺轩；名义

notably
US: [ˈnoʊtəbli]
UK: [ˈnəʊtəbli]
adv.	特别；非常；尤其；极大程度上
Web	显著地；特别地；值得注意地