rudimentary
美: [ˌrudəˈment(ə)ri]
英: [ˌruːdɪˈment(ə)ri]
adj.	基础的；基本的；未充分发展的；原始的
网络	初步的；未发展的；初级的

criteria
美: [kraɪˈtɪriən]
英: [kraɪˈtɪəriən]
n.	标准；尺度
网络	准则；条件；规准

retrieval
美: [rɪˈtriv(ə)l]
英: [rɪˈtriːv(ə)l]
n.	取回；索回；数据检索
网络	恢复；提取；补偿

vanilla
美: [vəˈnɪlə]
英: [və'nɪlə]
adj.	有香子兰香味的；香草味的；普通的；寻常的
n.	香草醛
网络	香草精；香草兰；香草冰淇淋

hallucination
美: [həˌlus(ə)nˈeɪʃ(ə)n]
英: [həˌluːsɪˈneɪʃ(ə)n]
n.	幻觉
网络	产生幻觉；幻想；幻觉的折磨

anchor
美: [ˈæŋkər]
英: [ˈæŋkə(r)]
v.	抛锚；固定；停泊；抛锚泊(船)
n.	〈比喻〉依靠；支架；挂锚；锚状物
网络	锚定；定锚；定锚效应

domain
美: [doʊˈmeɪn]
英: [dəʊˈmeɪn]
n.	域；区域；范围；领地
网络	域名；域名注册；领域

specialization
美: [ˌspeʃ(ə)lɪˈzeɪʃ(ə)n]
英: [ˌspeʃəlaɪˈzeɪʃ(ə)n]
n.	专门化；特化
网络	专业化；特殊化；专精

recency
美: 
英: 
n.	新近
网络	近因；新近性；新近度

transparency
美: [trænsˈperənsi]
英: [trænsˈpærənsi]
n.	透明度；透明性；幻灯片；透明正片
网络	透明化；透明胶片；透明状效果

citation
美: [saɪˈteɪʃ(ə)n]
英: [saɪ'teɪʃ(ə)n]
n.	引文；引证；引述；引语
网络	引用；引用文献；嘉奖

grained
美: [ɡreɪnd]
英: [ɡreɪnd]
adj.	有纹理的；质地…的
网络	粒状的；有木纹的；粒度

refinement
美: [rɪˈfaɪnmənt]
英: [rɪ'faɪnmənt]
n.	精炼；提炼；优雅；提纯
网络	精致；细化；改进

rigid
US: [ˈrɪdʒɪd]
UK: ['rɪdʒɪd]
adj.	死板的；僵硬的；固执的；僵化的
Web	严格的；刚硬的；刚性的

synthesize
US: [ˈsɪnθəˌsaɪz]
UK: [ˈsɪnθəsaɪz]
v.	综合；（通过化学手段或生物过程）合成；（音响）合成
Web	综合优化；使合成；人工合成

critique
US: [krɪˈtik]
UK: [krɪˈtiːk]
n.	批判
v.	〈正式〉发表评论
Web	批评；批评法；评论文章

hierarchical
US: [ˌhaɪəˈrɑrkɪk(ə)l]
UK: [ˌhaɪəˈrɑː(r)kɪk(ə)l]
adj.	按等级划分的；等级制度的
Web	阶层式；分层的；分等级的

affirmative
US: [əˈfɜrmətɪv]
UK: [əˈfɜː(r)mətɪv]
n.	肯定；同意
adj.	肯定的；同意的
Web	积极的；赞成的；正面的

compelling
美: [kəmˈpelɪŋ]
英: [kəm'pelɪŋ]
adj.	引人入胜的；扣人心弦的；非常强烈的；不可抗拒的
v.	“compel”的现在分词
网络	引人注目的；强制的；令人信服的

suite
美: [swit]
英: [swiːt]
n.	套房；一套家具；组曲（由三个或更多相关部分组成）；套装软件
网络	套间；房间；随员

leverage
美: [ˈlev(ə)rɪdʒ]
英: [ˈliːvərɪdʒ]
n.	杠杆，杠杆作用，影响力
v.	发挥杠杆作用，施加影响
网络	都市侠盗；杠杆比率；杠杆率

integrity
美: [ɪnˈteɡrəti]
英: [ɪn'teɡrəti]
n.	完整；诚实正直；完好
网络	完整性；诚信；诚信正直
He was a man of integrity, but unfortunately he had a certain reputation. I believe the reputation was not deserved.

他是个诚实正直的人，但却不幸有某种坏名声。我相信他不该有这个坏名声。

sufficient
美: [səˈfɪʃ(ə)nt]
英: [sə'fɪʃ(ə)nt]
adj.	足够的；充足的
n.	足够(的量)
网络	充分的；足以