trivial
美: [ˈtrɪviəl]
英: ['trɪviəl]
adj.	不重要的；琐碎的；微不足道的
网络	琐细的；平常的；平凡的
These files implement trivial behaviors to make them easy to understand.
为了便于理解，这些文件所实现的行为很简单。

immensely
美: [ɪˈmensli]
英: [ɪ'mensli]
adv.	非常；极端地；极大地
网络	无限地；无任；很
So it has been immensely sad, and grotesquely unfair, to watch protesters in London and Paris accusing Israel of behaving as the Nazis did.
因此，看到伦敦和巴黎的抗议者指控以色列的行径犹如纳粹当年所为，真是巨大的悲哀，也有失公允乃至荒诞离奇。

telemetry
美: [tə'lemətri]
英: [tə'lemətri]
n.	遥测
网络	遥测技术；遥测术；遥感勘测

instrumentation
美: [ˌɪnstrəmənˈteɪʃ(ə)n]
英: [ˌɪnstrʊmenˈteɪʃ(ə)n]
n.	仪表；器乐谱写
网络	仪器仪表；乐器法；工具

infrastructure
美: [ˈɪnfrəˌstrʌktʃər]
英: [ˈɪnfrəˌstrʌktʃə(r)]
n.	（国家或机构的）基础设施
网络	基础建设；基础结构；基础架构
词形：
infrastructures
The infrastructure, which would have been a cost-center, suddenly becomes part of the business model for the enterprise.
该基础结构以前可能是一个成本中心，现在突然变成了企业业务模型的一个组成部分。

clarity
美: [ˈklerəti]
英: [ˈklærəti]
n.	清晰；明确；清楚；清澈
网络	净度；明晰；透明

anonymous
US: [əˈnɑnɪməs]
UK: [əˈnɒnɪməs]
adj.	不知姓名的；名字不公开的；匿名的；不具名的
Web	匿名者；无名氏；佚名
We need good ways to intercept DNS requests so they don't "leak" their request to a local observer while we're trying to be anonymous.
我们需要好的办法拦截DNS请求，这样，当我们想要匿名时，DNS请求就不会泄露给本地的窃听者。