elegant
US: [ˈelɪɡənt]
UK: [ˈelɪɡənt]
adj.	(某物)优美的；雅致的；讲究的；(某人)苗条的
Web	优雅的；高雅的；文雅的
First south China normal is a beautiful place, it clean campus, elegant environment harmonious atmosphere is all students to dream.
首先华南师范是一个美丽的地方，它整洁的校园，优雅的环境和谐的氛围是所有学生梦想的地方。

prose
US: [proʊz]
UK: [prəʊz]
v.	用散文写；(将诗)译成散文；平淡无趣地写；啰啰唆唆地讲
n.	散文
Web	单调；散文的；诗歌
词形：
proses
prosing
prosed
In 1996, the prose Once upon a time there was an idol was selected in the magazine Work edited by Yu Xinjiao.
1996年——散文《从前有一个偶像》由俞心焦收入其所编辑的《工作》杂志。
blog.tianya.cn
In another style of book, the source code just lays there as a dead mass, with the prose vainly trying to vivify it.
在另一类书中，源代码象死去的东西一样躺在那里，而文字叙述徒劳地试图使它复活。

morsel
US: [ˈmɒrs(ə)l]
UK: [ˈmɔː(r)s(ə)l]
n.	一点；一口
Web	少量；一小块；分成小块
词形：
morsels
It's better to not know which moment may be your last, every morsel of your entire being alive to the infinite mystery of it all.
永远不要妄图知道自己的末日，生命的奥妙就在于活在当下。你全部生命中的每一个短暂的瞬间都蕴含着无尽的奥妙