primitive
美: [ˈprɪmətɪv]
英: ['prɪmətɪv]
adj.	原始的；远古的；（人类或动物）发展早期的；简陋的
n.	文艺复兴前的艺术家（或作品）；原始派画家（或作品）
网络	原语；简单的；粗糙的
词形：
primitives
The chances that a primitive creature secreted in this rock may survive such a journey are beginning to look surprisingly good.
藏在这块岩石中的原始生物，在经历这样的旅程后仍存活的机率，看来是越来越高。

atomically
美: [ə'tɒmɪklɪ]
英: [ə'tɒmɪklɪ]
adv.	原子级的
网络	原子方式；原子地；原子的
It also allows you to unlock the mutex and wait on the condition variable atomically, without the possible intervention of another thread.
它还允许您原子地（atomically）解除互斥的锁定，并等待条件变量，而不会有干涉其他线程的可能。

mutex
网络	互斥量；互斥体；互斥锁
The slot's connection is checked to see if it is blocked or disconnected, and then the connection's mutex is unlocked.
插槽的连接被检查，看它是否被阻塞或断开，然后，连接的互斥体被解锁。

re-entrant
美: [rɪ'entrənt]
英: [riː'entrənt]
adj.	【建】凹角(的)；再进去(的)
网络	可重入；可再入的；可重入的
词形：
reentrants
Note that this follows a standard convention for the naming of reentrant function by suffixing the function name with "_r" .
注意，这里遵循了标准惯例，通过向函数名添加“_r”后缀来命名可重入函数。

trivial
美: [ˈtrɪviəl]
英: ['trɪviəl]
adj.	不重要的；琐碎的；微不足道的
网络	琐细的；平常的；平凡的
These files implement trivial behaviors to make them easy to understand.
为了便于理解，这些文件所实现的行为很简单。
