acronym
美: [ˈækrəˌnɪm]
英: [ˈækrənɪm]
n.	缩写词；缩写字；首字母缩略词；字首组合词
网络	缩略语；首字母缩写；首字母缩写词
词形：
acronyms
ESL is an acronym for English as a Second Language. ESL refers to the use or study of English by speakers with a different native language.
ESL是英语作为第二语言的首字母缩写，是指英语非母语的学生对英语的使用和学习。

synonym
美: [ˈsɪnənɪm]
英: ['sɪnənɪm]
n.	同义词
网络	同义字；异名；同物异名
词形：
synonyms
Please note that in case of database dictionary, the maximum number of synonym is fixed at the time of the design of the database schema.
需要注意，对于基于数据库的dictionary，同义词的最大数量在数据库模式的设计阶段就已经确定。

anonym
美: ['ænəˌnɪm]
英: ['ænəˌnɪm]
n.	无名氏；假名
网络	匿名者；佚名；热气球
词形：
anonyms
And thee internet anonym differ-mail service is provided at no charge (look at Yahoo, for example).
并且，服务器电子邮件这种Email服务的提供是免费的（看看Yahoo这个例子）。

anonymous
美: [əˈnɑnɪməs]
英: [əˈnɒnɪməs]
adj.	不知姓名的；名字不公开的；匿名的；不具名的
网络	匿名者；无名氏；佚名
We need good ways to intercept DNS requests so they don't "leak" their request to a local observer while we're trying to be anonymous.
我们需要好的办法拦截DNS请求，这样，当我们想要匿名时，DNS请求就不会泄露给本地的窃听者。

analogue
美: ['ænə.lɔɡ]
英: ['ænə.lɒɡ]
adj.	模拟的；指针式的
n.	相似物；类似事情
网络	类似物；类比；同源语
词形：
analogues
The products have been used for military vehicle power supply, rocket launcher ground control devices and analogue aerospace station system.
已应用于军用车载电源、火箭发射地面控制装置及模拟空间仓等系统中。

analogous
美: [əˈnæləɡəs]
英: [ə'næləɡəs]
adj.	相似的；类似的
网络	模拟的；类比设计；同功的

duplex
美: [ˈduˌpleks]
英: [ˈdjuːpleks]
adj.	【机】双联式的；【信】双向(通讯)的；双的
n.	套楼公寓；两户合住的房子；复式单位
网络	双工；双层公寓；二倍的
词形：
duplexes
Each antenna can be configured for simplex or duplex operation, allowing the system to also be operated as an airborne microwave repeater.
每个天线，可配置为单操作或双面，使系统也将微波营运，空降中继器。

concrete
美: [ˈkɑŋˌkrit]
英: [ˈkɒŋkriːt]
n.	混凝土；水泥；具体物；凝结物
v.	(使)固结；(使)结合；用混凝土修筑；(在…上)浇注混凝土
adj.	具体的；实际的；固结成的；图案诗歌的
网络	实在的；具象的；浸膏
词形：
concreting
concreted
concretes
"Gymnastics" is always stated to all gymnastics project, which project but isn't is concrete the name.
“体操”是对所有体操项目的总称，而不是具体哪个项目的名称。