explicit
US: [ɪkˈsplɪsɪt]
UK: [ɪk'splɪsɪt]
adj.	清楚明白的；易于理解的；明确的；直言的
Web	显式；清楚的；显性
One key concern was the fact that there was no explicit guarantee from CNOOC's parent for the funds parked in CNOOC Finance.
最担心的一事是，这笔存放在中海石油财务有限责任公司的资金，并未获得中海油母公司的直接担保。

implicit
US: [ɪmˈplɪsɪt]
UK: [ɪm'plɪsɪt]
adj.	含蓄的；不直接言明的；成为一部分的；内含的
Web	隐式；暗示的；隐性
This conversion is called implicit cursor conversion, and is sometimes referred to as cursor degradation.
这种转换被称为隐式游标转换，有时也称为游标降级。

overrule
US: [ˌoʊvərˈrul]
UK: [ˌəʊvəˈruːl]
v.	否决；驳回；统治；用权力取消(决定,方针等)
Web	反对无效；推翻；批驳
词形：
overrules
overruling
overruled
But my desire to see the sky overruled my caution, I dimmed the lighting again.
不过我还是被强烈的欲望打败了，并再次调暗了照明。

scenario
美: [səˈnɛrioʊ]
英: [səˈnɑːrioʊ]
n.	方案；(可能发生的)情况；前景；【戏,影视】脚本
网络	场景；情景；情境

paradigm
美: [ˈpɛrəˌdaɪm]
英: [ˈpærəˌdaɪm]
n.	范例；〈正式〉模型；〈正式〉模范；【语】词形变化表
网络	范式；典范；范型