coerce
US: [koʊˈɜrs]
UK: [kəʊˈɜː(r)s]
v.	强迫；压制
Web	强制；强制性的
词形：
coerces
coercing
coerced
Both sisters were ready to give up and try another day in another town, but I coerced them into one more boutique.
两个姐姐准备放弃，要等第二天去另一个市镇找找看，但我强迫她们又走进一家服饰精品店。

collision
US: [kəˈlɪʒ(ə)n]
UK: [kə'lɪʒ(ə)n]
n.	碰撞；冲突
Web	碰撞属性；碰撞卷展栏；冲撞
词形：
collisions
So far, the proton-proton collisions have been designed to generate energies that might produce exotic phenomena like the Higgs boson.
到目前为止，质子与质子间的对撞已被计划用来产生可能导致神奇如希格斯玻色子的现象的能量。
www.bing.com
But the habit of the moose to wander across highways in the dark has made it a road hazard responsible for around 700 collisions a year.
习惯在夜间漫游马路的驼鹿已成为公路危害，每年造成约700件交通事故。