mandatory
US: [ˈmændəˌtɔri]
UK: [ˈmændət(ə)ri]
adj.	强制的；法定的；义务的
n.	同“mandatary”
Web	命令的；强制性的；强迫的
词形：
mandatories
Mandatory seat-belt laws and their enforcement have been shown to be very effective at increasing seat-belt wearing rates.
已经证明，强制性安全带法律及其执法情况对于提高安全带使用率十分有效。

redeem
US: [rɪˈdim]
UK: [rɪˈdiːm]
v.	赎回；救赎；兑换；兑现
Web	挽回；买回；补偿
词形：
redeems
redeeming
redeemed
The company is not liable in damages in respect of any failure on its part to redeem or purchase any of the shares.
公司无须就其未有赎回或未有购买任何该等股份负损害赔偿的法律责任。
blog.sina.com.cn
And Mr Yanukovych believes that taking Ukraine closer to Europe would earn him a place in history and redeem his past.
并且亚努科维奇相信，让乌克兰更接近欧洲将为他在历史上赢得一席之地并弥补他的过去。
xiaozu.renren.com
One good deed is not enough to redeem a man of a lifetime of wickedness .
一件善举并不能补偿一个人作恶一世犯下的罪行。